{
    "Should run without failures": {
        "content": [
            {
                "0": [
                    
                ],
                "cs": [
                    
                ]
            }
        ],
        "meta": {
            "nf-test": "0.8.4",
            "nextflow": "23.10.1"
        },
        "timestamp": "2024-06-19T10:56:20.435447"
    }
}