{
    "Should run without failures": {
        "content": [
            {
                "0": [
                    "one_patient_per_tumor.txt:md5,21397cd1b7cf37532c785939e6b18cc6"
                ],
                "1": [
                    [
                        {
                            "pair_id": "PD54403a_PD54403b",
                            "normal": "PD54403a",
                            "tumor": "PD54403b",
                            "Sex": "M",
                            "Phenotype": "N",
                            "sexchr": "XY"
                        },
                        "ASCAT_estimates_PD54403b_PD54403a.tsv:md5,a6a11dcbc68bf08b6d2129aa4f984786"
                    ]
                ],
                "segment_summary": [
                    "one_patient_per_tumor.txt:md5,21397cd1b7cf37532c785939e6b18cc6"
                ]
            }
        ],
        "meta": {
            "nf-test": "0.8.4",
            "nextflow": "23.10.1"
        },
        "timestamp": "2024-05-28T14:54:53.497924"
    }
}