{
    "Should run without failures": {
        "content": [
            {
                "0": [
                    
                ],
                "combined_metadata": [
                    
                ]
            }
        ],
        "meta": {
            "nf-test": "0.8.4",
            "nextflow": "23.10.1"
        },
        "timestamp": "2024-05-12T21:19:20.621978"
    }
}