{
    "Test Function filter_ascat_qc_fails": {
        "content": null,
        "meta": {
            "nf-test": "0.8.4",
            "nextflow": "23.10.1"
        },
        "timestamp": "2024-05-21T14:15:40.991033"
    }
}